17:08:49 **** Incremental Build of configuration Debug for project TIMER_2_IC ****
make -j4 all 
arm-none-eabi-gcc "../Src/main.c" -mcpu=cortex-m4 -std=gnu11 -g3 -DUSE_HAL_DRIVER -DSTM32F446xx -DDEBUG -c -I../Inc -I../Drivers/CMSIS/Include -I../Drivers/STM32F4xx_HAL_Driver/Inc -I../Drivers/CMSIS/Device/ST/STM32F4xx/Include -I../Drivers/STM32F4xx_HAL_Driver/Inc/Legacy -O0 -ffunction-sections -fdata-sections -Wall -fstack-usage -MMD -MP -MF"Src/main.d" -MT"Src/main.o" --specs=nano.specs -mfpu=fpv4-sp-d16 -mfloat-abi=hard -mthumb -o "Src/main.o"
arm-none-eabi-gcc -o "TIMER_2_IC.elf" @"objects.list"   -mcpu=cortex-m4 -T"C:\Users\AD\Desktop\MCU-1_Course\MCU2\TIMER_2_IC\STM32F446RETX_FLASH.ld" --specs=nosys.specs -Wl,-Map="TIMER_2_IC.map" -Wl,--gc-sections -static --specs=nano.specs -mfpu=fpv4-sp-d16 -mfloat-abi=hard -mthumb -Wl,--start-group -lc -lm -Wl,--end-group
Finished building target: TIMER_2_IC.elf
 
arm-none-eabi-objdump -h -S  TIMER_2_IC.elf  > "TIMER_2_IC.list"
arm-none-eabi-objcopy  -O binary  TIMER_2_IC.elf  "TIMER_2_IC.bin"
arm-none-eabi-size   TIMER_2_IC.elf 
   text	   data	    bss	    dec	    hex	filename
   8652	     20	   1652	  10324	   2854	TIMER_2_IC.elf
Finished building: default.size.stdout
 
Finished building: TIMER_2_IC.bin
Finished building: TIMER_2_IC.list
 
 
17:08:53 **** Incremental Build of configuration Debug for project TIMER_2_IC ****
make -j4 all 
arm-none-eabi-size   TIMER_2_IC.elf 
   text	   data	    bss	    dec	    hex	filename
   8652	     20	   1652	  10324	   2854	TIMER_2_IC.elf
Finished building: default.size.stdout
 
