00:15:31 **** Incremental Build of configuration Debug for project USART2_Example ****
make -j4 all 
arm-none-eabi-gcc "../Src/stm32f4xx_hal_msp.c" -mcpu=cortex-m4 -std=gnu11 -g3 -DUSE_HAL_DRIVER -DSTM32F446xx -DDEBUG -c -I../Inc -I../Drivers/CMSIS/Include -I../Drivers/STM32F4xx_HAL_Driver/Inc -I../Drivers/CMSIS/Device/ST/STM32F4xx/Include -I../Drivers/STM32F4xx_HAL_Driver/Inc/Legacy -O0 -ffunction-sections -fdata-sections -Wall -fstack-usage -MMD -MP -MF"Src/stm32f4xx_hal_msp.d" -MT"Src/stm32f4xx_hal_msp.o" --specs=nano.specs -mfpu=fpv4-sp-d16 -mfloat-abi=hard -mthumb -o "Src/stm32f4xx_hal_msp.o"
arm-none-eabi-gcc -o "USART2_Example.elf" @"objects.list"   -mcpu=cortex-m4 -T"C:\Users\AD\Desktop\MCU-1_Course\MCU2\USART2_Example\STM32F446RETX_FLASH.ld" --specs=nosys.specs -Wl,-Map="USART2_Example.map" -Wl,--gc-sections -static --specs=nano.specs -mfpu=fpv4-sp-d16 -mfloat-abi=hard -mthumb -Wl,--start-group -lc -lm -Wl,--end-group
Finished building target: USART2_Example.elf
 
arm-none-eabi-objdump -h -S  USART2_Example.elf  > "USART2_Example.list"
arm-none-eabi-objcopy  -O binary  USART2_Example.elf  "USART2_Example.bin"
arm-none-eabi-size   USART2_Example.elf 
   text	   data	    bss	    dec	    hex	filename
   6584	     20	   1636	   8240	   2030	USART2_Example.elf
Finished building: default.size.stdout
Finished building: USART2_Example.bin
Finished building: USART2_Example.list
 
 
 

00:15:33 Build Finished. 0 errors, 0 warnings. (took 2s.234ms)

